======================================================================
PROBANDO ENDPOINTS DE DEBUG
======================================================================

Probando: /api/debug/gps-stats
Status: 404
Respuesta (primeros 500 chars):
<!DOCTYPE html>
<html lang="en">
<head>
<meta charset="utf-8">
<title>Error</title>
</head>
<body>
<pre>Cannot GET /api/debug/gps-stats</pre>
</body>
</html>

...


Probando: /api/debug/rotativo-stats
Status: 404
Respuesta (primeros 500 chars):
<!DOCTYPE html>
<html lang="en">
<head>
<meta charset="utf-8">
<title>Error</title>
</head>
<body>
<pre>Cannot GET /api/debug/rotativo-stats</pre>
</body>
</html>

...

======================================================================
